.next/types/app/quote/page.ts(2,24): error TS2307: Cannot find module '../../../../app/quote/page.js' or its corresponding type declarations.
.next/types/app/quote/page.ts(5,29): error TS2307: Cannot find module '../../../../app/quote/page.js' or its corresponding type declarations.
.next/types/validator.ts(540,31): error TS2344: Type 'typeof import("C:/Users/simar/trashbin/ScrapCentre/app/api/admin/bulk-outsourcing/[id]/route")' does not satisfy the constraint 'RouteHandlerConfig<"/api/admin/bulk-outsourcing/[id]">'.
  Types of property 'GET' are incompatible.
    Type '(req: Request, { params }: { params: { id: string; }; }) => Promise<NextResponse<{ message: string; }> | NextResponse<{ success: boolean; count: any; data: any; }>>' is not assignable to type '(request: NextRequest, context: { params: Promise<{ id: string; }>; }) => void | Response | Promise<void | Response>'.
      Types of parameters '__1' and 'context' are incompatible.
        Type '{ params: Promise<{ id: string; }>; }' is not assignable to type '{ params: { id: string; }; }'.
          Types of property 'params' are incompatible.
            Property 'id' is missing in type 'Promise<{ id: string; }>' but required in type '{ id: string; }'.
.next/types/validator.ts(567,31): error TS2344: Type 'typeof import("C:/Users/simar/trashbin/ScrapCentre/app/api/admin/ekyc/[type]/route")' does not satisfy the constraint 'RouteHandlerConfig<"/api/admin/ekyc/[type]">'.
  Types of property 'GET' are incompatible.
    Type '(request: Request, { params }: { params: { type: string; }; }) => Promise<NextResponse<{ error: string; }> | NextResponse<any[]>>' is not assignable to type '(request: NextRequest, context: { params: Promise<{ type: string; }>; }) => void | Response | Promise<void | Response>'.
      Types of parameters '__1' and 'context' are incompatible.
        Type '{ params: Promise<{ type: string; }>; }' is not assignable to type '{ params: { type: string; }; }'.
          Types of property 'params' are incompatible.
            Property 'type' is missing in type 'Promise<{ type: string; }>' but required in type '{ type: string; }'.
.next/types/validator.ts(576,31): error TS2344: Type 'typeof import("C:/Users/simar/trashbin/ScrapCentre/app/api/admin/ekyc/view/[type]/[id]/route")' does not satisfy the constraint 'RouteHandlerConfig<"/api/admin/ekyc/view/[type]/[id]">'.
  Types of property 'GET' are incompatible.
    Type '(request: Request, { params }: { params: { type: string; id: string; }; }) => Promise<NextResponse<any>>' is not assignable to type '(request: NextRequest, context: { params: Promise<{ type: string; id: string; }>; }) => void | Response | Promise<void | Response>'.
      Types of parameters '__1' and 'context' are incompatible.
        Type '{ params: Promise<{ type: string; id: string; }>; }' is not assignable to type '{ params: { type: string; id: string; }; }'.
          Types of property 'params' are incompatible.
            Type 'Promise<{ type: string; id: string; }>' is missing the following properties from type '{ type: string; id: string; }': type, id
.next/types/validator.ts(585,31): error TS2344: Type 'typeof import("C:/Users/simar/trashbin/ScrapCentre/app/api/admin/executives/[id]/route")' does not satisfy the constraint 'RouteHandlerConfig<"/api/admin/executives/[id]">'.
  Types of property 'DELETE' are incompatible.
    Type '(req: Request, { params }: { params: { id: string; }; }) => Promise<NextResponse<{ success: boolean; message: any; }>>' is not assignable to type '(request: NextRequest, context: { params: Promise<{ id: string; }>; }) => void | Response | Promise<void | Response>'.
      Types of parameters '__1' and 'context' are incompatible.
        Type '{ params: Promise<{ id: string; }>; }' is not assignable to type '{ params: { id: string; }; }'.
          Types of property 'params' are incompatible.
            Property 'id' is missing in type 'Promise<{ id: string; }>' but required in type '{ id: string; }'.
.next/types/validator.ts(630,31): error TS2344: Type 'typeof import("C:/Users/simar/trashbin/ScrapCentre/app/api/admin/scrap-center-users/[id]/route")' does not satisfy the constraint 'RouteHandlerConfig<"/api/admin/scrap-center-users/[id]">'.
  Types of property 'DELETE' are incompatible.
    Type '(req: Request, { params }: { params: { id: string; }; }) => Promise<NextResponse<{ message: string; }>>' is not assignable to type '(request: NextRequest, context: { params: Promise<{ id: string; }>; }) => void | Response | Promise<void | Response>'.
      Types of parameters '__1' and 'context' are incompatible.
        Type '{ params: Promise<{ id: string; }>; }' is not assignable to type '{ params: { id: string; }; }'.
          Types of property 'params' are incompatible.
            Property 'id' is missing in type 'Promise<{ id: string; }>' but required in type '{ id: string; }'.
.next/types/validator.ts(729,31): error TS2344: Type 'typeof import("C:/Users/simar/trashbin/ScrapCentre/app/api/b2b/pickups/[id]/status/route")' does not satisfy the constraint 'RouteHandlerConfig<"/api/b2b/pickups/[id]/status">'.
  Types of property 'POST' are incompatible.
    Type '(req: Request, { params }: { params: { id: string; }; }) => Promise<NextResponse<{ message: string; }> | NextResponse<{ success: boolean; pickup: any; }>>' is not assignable to type '(request: NextRequest, context: { params: Promise<{ id: string; }>; }) => void | Response | Promise<void | Response>'.
      Types of parameters '__1' and 'context' are incompatible.
        Type '{ params: Promise<{ id: string; }>; }' is not assignable to type '{ params: { id: string; }; }'.
          Types of property 'params' are incompatible.
            Property 'id' is missing in type 'Promise<{ id: string; }>' but required in type '{ id: string; }'.
.next/types/validator.ts(765,31): error TS2344: Type 'typeof import("C:/Users/simar/trashbin/ScrapCentre/app/api/ekyc/[type]/route")' does not satisfy the constraint 'RouteHandlerConfig<"/api/ekyc/[type]">'.
  Types of property 'POST' are incompatible.
    Type '(req: NextRequest, { params }: { params: { type: string; }; }) => Promise<NextResponse<{ error: string; }> | NextResponse<{ success: boolean; message: string; document: any; }>>' is not assignable to type '(request: NextRequest, context: { params: Promise<{ type: string; }>; }) => void | Response | Promise<void | Response>'.
      Types of parameters '__1' and 'context' are incompatible.
        Type '{ params: Promise<{ type: string; }>; }' is not assignable to type '{ params: { type: string; }; }'.
          Types of property 'params' are incompatible.
            Property 'type' is missing in type 'Promise<{ type: string; }>' but required in type '{ type: string; }'.
.next/types/validator.ts(810,31): error TS2344: Type 'typeof import("C:/Users/simar/trashbin/ScrapCentre/app/api/scrapcentre/pickups/[id]/status/route")' does not satisfy the constraint 'RouteHandlerConfig<"/api/scrapcentre/pickups/[id]/status">'.
  Types of property 'POST' are incompatible.
    Type '(req: Request, { params }: { params: { id: string; }; }) => Promise<NextResponse<{ message: string; }> | NextResponse<{ success: boolean; pickup: any; }>>' is not assignable to type '(request: NextRequest, context: { params: Promise<{ id: string; }>; }) => void | Response | Promise<void | Response>'.
      Types of parameters '__1' and 'context' are incompatible.
        Type '{ params: Promise<{ id: string; }>; }' is not assignable to type '{ params: { id: string; }; }'.
          Types of property 'params' are incompatible.
            Property 'id' is missing in type 'Promise<{ id: string; }>' but required in type '{ id: string; }'.
scripts/seed-admin.ts(3,25): error TS2307: Cannot find module 'dotenv' or its corresponding type declarations.
